{"u_token":"6oTFFRTC4fILZ11RFUjny5dXPUn5oAum","part_number":"SRD-05VDC-SL-C","manufacturer":"Songle Relay","mode":"place-part","plugin":".snap","source":"https://www.snapeda.com"}